MPLINK 4.49, Linker
Linker Map File - Created Sat Nov 14 17:41:48 2020

                                 Section Info
                  Section       Type    Address   Location Size(Bytes)
                ---------  ---------  ---------  ---------  ---------
                   .org_0       code   0x000000    program   0x000004
                   .cinit    romdata   0x000004    program   0x000002
                   .org_1       code   0x000008    program   0x000002
                   .org_2       code   0x000018    program   0x000034



                              Program Memory Usage 
                               Start         End      
                           ---------   ---------      
                            0x000000    0x000005      
                            0x000008    0x000009      
                            0x000018    0x00004b      
            60 out of 33048 program addresses used, program memory utilization is 0%



                              Symbols - Sorted by Name
                     Name    Address   Location    Storage File                     
                ---------  ---------  ---------  --------- ---------                
                    Delay   0x00001a    program     static C:\Users\Haziq\Documents\Quiz6\quiz6.asm
                   again1   0x00001e    program     static C:\Users\Haziq\Documents\Quiz6\quiz6.asm
                   again2   0x000022    program     static C:\Users\Haziq\Documents\Quiz6\quiz6.asm
                    start   0x00004c    program     static C:\Users\Haziq\Documents\Quiz6\quiz6.asm



                              Symbols - Sorted by Address
                     Name    Address   Location    Storage File                     
                ---------  ---------  ---------  --------- ---------                
                    Delay   0x00001a    program     static C:\Users\Haziq\Documents\Quiz6\quiz6.asm
                   again1   0x00001e    program     static C:\Users\Haziq\Documents\Quiz6\quiz6.asm
                   again2   0x000022    program     static C:\Users\Haziq\Documents\Quiz6\quiz6.asm
                    start   0x00004c    program     static C:\Users\Haziq\Documents\Quiz6\quiz6.asm


